// Jest Snapshot v1, https://goo.gl/fbAQLP

exports[`IntegratingWithOtherTests jest-auto-snapshots > IntegratingWithOtherTests Matches snapshot when passed only required props 1`] = `
<div>
  <button
    onClick={[Function]}
    type="button"
  >
    Click Me
  </button>
  jest-auto-snapshots String Fixture
  :
  <span>
    0
  </span>
</div>
`;
